../Core/Src/main.c:83:5:main	224	static
../Core/Src/main.c:185:6:SystemClock_Config	88	static
../Core/Src/main.c:232:13:MX_USART2_UART_Init	8	static
../Core/Src/main.c:265:13:MX_GPIO_Init	48	static
../Core/Src/main.c:321:6:StartDefaultTask	16	static
../Core/Src/main.c:340:6:led_thread_blue	16	static
../Core/Src/main.c:361:6:led_thread_green	16	static
../Core/Src/main.c:382:6:led_thread_white	16	static
../Core/Src/main.c:403:6:led_thread_red	16	static
../Core/Src/main.c:424:6:uart_thread	56	static
../Core/Src/main.c:450:6:uart2_thread	56	static
../Core/Src/main.c:473:6:Error_Handler	4	static,ignoring_inline_asm
