../Drivers/STM32F4xx_HAL_Driver/Src/stm32f4xx_hal_pwr.c:90:6:HAL_PWR_DeInit	4	static
../Drivers/STM32F4xx_HAL_Driver/Src/stm32f4xx_hal_pwr.c:107:6:HAL_PWR_EnableBkUpAccess	16	static
../Drivers/STM32F4xx_HAL_Driver/Src/stm32f4xx_hal_pwr.c:126:6:HAL_PWR_DisableBkUpAccess	16	static
../Drivers/STM32F4xx_HAL_Driver/Src/stm32f4xx_hal_pwr.c:272:6:HAL_PWR_ConfigPVD	16	static
../Drivers/STM32F4xx_HAL_Driver/Src/stm32f4xx_hal_pwr.c:310:6:HAL_PWR_EnablePVD	4	static
../Drivers/STM32F4xx_HAL_Driver/Src/stm32f4xx_hal_pwr.c:318:6:HAL_PWR_DisablePVD	4	static
../Drivers/STM32F4xx_HAL_Driver/Src/stm32f4xx_hal_pwr.c:331:6:HAL_PWR_EnableWakeUpPin	16	static
../Drivers/STM32F4xx_HAL_Driver/Src/stm32f4xx_hal_pwr.c:348:6:HAL_PWR_DisableWakeUpPin	16	static
../Drivers/STM32F4xx_HAL_Driver/Src/stm32f4xx_hal_pwr.c:379:6:HAL_PWR_EnterSLEEPMode	16	static,ignoring_inline_asm
../Drivers/STM32F4xx_HAL_Driver/Src/stm32f4xx_hal_pwr.c:428:6:HAL_PWR_EnterSTOPMode	16	static,ignoring_inline_asm
../Drivers/STM32F4xx_HAL_Driver/Src/stm32f4xx_hal_pwr.c:466:6:HAL_PWR_EnterSTANDBYMode	4	static,ignoring_inline_asm
../Drivers/STM32F4xx_HAL_Driver/Src/stm32f4xx_hal_pwr.c:486:6:HAL_PWR_PVD_IRQHandler	8	static
../Drivers/STM32F4xx_HAL_Driver/Src/stm32f4xx_hal_pwr.c:501:13:HAL_PWR_PVDCallback	4	static
../Drivers/STM32F4xx_HAL_Driver/Src/stm32f4xx_hal_pwr.c:515:6:HAL_PWR_EnableSleepOnExit	4	static
../Drivers/STM32F4xx_HAL_Driver/Src/stm32f4xx_hal_pwr.c:526:6:HAL_PWR_DisableSleepOnExit	4	static
../Drivers/STM32F4xx_HAL_Driver/Src/stm32f4xx_hal_pwr.c:537:6:HAL_PWR_EnableSEVOnPend	4	static
../Drivers/STM32F4xx_HAL_Driver/Src/stm32f4xx_hal_pwr.c:548:6:HAL_PWR_DisableSEVOnPend	4	static
