../Core/Src/main.c:100:5:main	8	static
../Core/Src/main.c:196:6:SystemClock_Config	88	static
../Core/Src/main.c:243:13:MX_USART2_UART_Init	8	static
../Core/Src/main.c:276:13:MX_GPIO_Init	48	static
../Core/Src/main.c:329:6:StartDefaultTask	16	static
../Core/Src/main.c:341:6:led_timer_blue	16	static
../Core/Src/main.c:349:6:led_timer_green	16	static
../Core/Src/main.c:357:6:led_timer_red	16	static
../Core/Src/main.c:365:6:led_timer_white	16	static
../Core/Src/main.c:376:6:Error_Handler	4	static,ignoring_inline_asm
