../Core/Src/main.c:79:5:main	160	static
../Core/Src/main.c:168:6:SystemClock_Config	88	static
../Core/Src/main.c:215:13:MX_USART2_UART_Init	8	static
../Core/Src/main.c:248:13:MX_GPIO_Init	48	static
../Core/Src/main.c:305:6:StartDefaultTask	16	static
../Core/Src/main.c:324:6:led_thread_blue	16	static
../Core/Src/main.c:343:6:led_thread_green	16	static
../Core/Src/main.c:362:6:led_thread_white	16	static
../Core/Src/main.c:381:6:led_thread_red	16	static
../Core/Src/main.c:397:6:Error_Handler	4	static,ignoring_inline_asm
