../Core/Src/main.c:141:5:main	8	static
../Core/Src/main.c:246:6:SystemClock_Config	88	static
../Core/Src/main.c:293:13:MX_USART2_UART_Init	8	static
../Core/Src/main.c:326:13:MX_GPIO_Init	48	static
../Core/Src/main.c:382:6:StartDefaultTask	16	static
../Core/Src/main.c:401:6:led_thread_blue	16	static
../Core/Src/main.c:420:6:led_thread_green	16	static
../Core/Src/main.c:439:6:led_thread_white	16	static
../Core/Src/main.c:458:6:led_thread_red	16	static
../Core/Src/main.c:477:6:uart_thread	32	static
../Core/Src/main.c:500:6:uart2_thread	32	static
../Core/Src/main.c:523:6:queue_thread	64	static
../Core/Src/main.c:544:6:Error_Handler	4	static,ignoring_inline_asm
