15:57:53 **** Incremental Build of configuration Debug for project Lab06-04 ****
make -j16 all 
arm-none-eabi-gcc "../Core/Src/main.c" -mcpu=cortex-m4 -std=gnu11 -g3 -DDEBUG -DUSE_HAL_DRIVER -DSTM32F411xE -c -I../Core/Inc -I../Drivers/STM32F4xx_HAL_Driver/Inc -I../Drivers/STM32F4xx_HAL_Driver/Inc/Legacy -I../Middlewares/Third_Party/FreeRTOS/Source/include -I../Middlewares/Third_Party/FreeRTOS/Source/portable/GCC/ARM_CM4F -I../Drivers/CMSIS/Device/ST/STM32F4xx/Include -I../Drivers/CMSIS/Include -I../Middlewares/Third_Party/FreeRTOS/Source/CMSIS_RTOS_V2 -O0 -ffunction-sections -fdata-sections -Wall -fstack-usage -fcyclomatic-complexity -MMD -MP -MF"Core/Src/main.d" -MT"Core/Src/main.o" --specs=nano.specs -mfpu=fpv4-sp-d16 -mfloat-abi=hard -mthumb -o "Core/Src/main.o"
../Core/Src/main.c: In function 'queue_thread':
../Core/Src/main.c:532:15: warning: implicit declaration of function 'sprintf' [-Wimplicit-function-declaration]
  532 |               sprintf(buffer,"TID: %d %d\r\n", rpt.TID,rpt.ID);
      |               ^~~~~~~
../Core/Src/main.c:22:1: note: include '<stdio.h>' or provide a declaration of 'sprintf'
   21 | #include "cmsis_os.h"
  +++ |+#include <stdio.h>
   22 | 
../Core/Src/main.c:532:15: warning: incompatible implicit declaration of built-in function 'sprintf' [-Wbuiltin-declaration-mismatch]
  532 |               sprintf(buffer,"TID: %d %d\r\n", rpt.TID,rpt.ID);
      |               ^~~~~~~
../Core/Src/main.c:532:15: note: include '<stdio.h>' or provide a declaration of 'sprintf'
../Core/Src/main.c:533:42: warning: pointer targets in passing argument 2 of 'HAL_UART_Transmit' differ in signedness [-Wpointer-sign]
  533 |               HAL_UART_Transmit(&huart2, buffer, 32, 1000);
      |                                          ^~~~~~
      |                                          |
      |                                          char *
In file included from ../Core/Inc/stm32f4xx_hal_conf.h:411,
                 from ../Drivers/STM32F4xx_HAL_Driver/Inc/stm32f4xx_hal.h:29,
                 from ../Core/Inc/main.h:30,
                 from ../Core/Src/main.c:20:
../Drivers/STM32F4xx_HAL_Driver/Inc/stm32f4xx_hal_uart.h:745:79: note: expected 'const uint8_t *' {aka 'const unsigned char *'} but argument is of type 'char *'
  745 | HAL_StatusTypeDef HAL_UART_Transmit(UART_HandleTypeDef *huart, const uint8_t *pData, uint16_t Size, uint32_t Timeout);
      |                                                                ~~~~~~~~~~~~~~~^~~~~
arm-none-eabi-gcc -o "Lab06-04.elf" @"objects.list"   -mcpu=cortex-m4 -T"/home/patrick/Workspaces/Study/EmbeddedSystemLab/Lab06-04/STM32F411RETX_FLASH.ld" --specs=nosys.specs -Wl,-Map="Lab06-04.map" -Wl,--gc-sections -static --specs=nano.specs -mfpu=fpv4-sp-d16 -mfloat-abi=hard -mthumb -Wl,--start-group -lc -lm -Wl,--end-group
Finished building target: Lab06-04.elf
 
arm-none-eabi-size  Lab06-04.elf 
arm-none-eabi-objdump -h -S Lab06-04.elf  > "Lab06-04.list"
   text	   data	    bss	    dec	    hex	filename
  24288	    104	  20928	  45320	   b108	Lab06-04.elf
Finished building: default.size.stdout
 
Finished building: Lab06-04.list
 

15:57:53 Build Finished. 0 errors, 3 warnings. (took 334ms)

