15:38:34 **** Incremental Build of configuration Debug for project Lab04-03 ****
make -j16 all 
arm-none-eabi-gcc "../Core/Src/main.c" -mcpu=cortex-m4 -std=gnu11 -g3 -DDEBUG -DUSE_HAL_DRIVER -DSTM32F411xE -c -I../Core/Inc -I../Drivers/STM32F4xx_HAL_Driver/Inc -I../Drivers/STM32F4xx_HAL_Driver/Inc/Legacy -I../Drivers/CMSIS/Device/ST/STM32F4xx/Include -I../Drivers/CMSIS/Include -O0 -ffunction-sections -fdata-sections -Wall -fstack-usage -fcyclomatic-complexity -MMD -MP -MF"Core/Src/main.d" -MT"Core/Src/main.o" --specs=nano.specs -mfpu=fpv4-sp-d16 -mfloat-abi=hard -mthumb -o "Core/Src/main.o"
../Core/Src/main.c: In function 'main':
../Core/Src/main.c:125:20: warning: implicit declaration of function 'sprintf' [-Wimplicit-function-declaration]
  125 |                    sprintf (buf, "LDR: %d, LED: %d\r\n" , adcval, intensity);
      |                    ^~~~~~~
../Core/Src/main.c:21:1: note: include '<stdio.h>' or provide a declaration of 'sprintf'
   20 | #include "main.h"
  +++ |+#include <stdio.h>
   21 | 
../Core/Src/main.c:125:20: warning: incompatible implicit declaration of built-in function 'sprintf' [-Wbuiltin-declaration-mismatch]
  125 |                    sprintf (buf, "LDR: %d, LED: %d\r\n" , adcval, intensity);
      |                    ^~~~~~~
../Core/Src/main.c:125:20: note: include '<stdio.h>' or provide a declaration of 'sprintf'
../Core/Src/main.c:125:50: warning: format '%d' expects argument of type 'int', but argument 4 has type 'uint32_t' {aka 'long unsigned int'} [-Wformat=]
  125 |                    sprintf (buf, "LDR: %d, LED: %d\r\n" , adcval, intensity);
      |                                                 ~^                ~~~~~~~~~
      |                                                  |                |
      |                                                  int              uint32_t {aka long unsigned int}
      |                                                 %ld
../Core/Src/main.c:127:52: warning: implicit declaration of function 'strlen' [-Wimplicit-function-declaration]
  127 |                    HAL_UART_Transmit(&huart2, buf, strlen(buf), 1000);
      |                                                    ^~~~~~
../Core/Src/main.c:21:1: note: include '<string.h>' or provide a declaration of 'strlen'
   20 | #include "main.h"
  +++ |+#include <string.h>
   21 | 
../Core/Src/main.c:127:52: warning: incompatible implicit declaration of built-in function 'strlen' [-Wbuiltin-declaration-mismatch]
  127 |                    HAL_UART_Transmit(&huart2, buf, strlen(buf), 1000);
      |                                                    ^~~~~~
../Core/Src/main.c:127:52: note: include '<string.h>' or provide a declaration of 'strlen'
../Core/Src/main.c:127:47: warning: pointer targets in passing argument 2 of 'HAL_UART_Transmit' differ in signedness [-Wpointer-sign]
  127 |                    HAL_UART_Transmit(&huart2, buf, strlen(buf), 1000);
      |                                               ^~~
      |                                               |
      |                                               char *
In file included from ../Core/Inc/stm32f4xx_hal_conf.h:411,
                 from ../Drivers/STM32F4xx_HAL_Driver/Inc/stm32f4xx_hal.h:29,
                 from ../Core/Inc/main.h:30,
                 from ../Core/Src/main.c:20:
../Drivers/STM32F4xx_HAL_Driver/Inc/stm32f4xx_hal_uart.h:745:79: note: expected 'const uint8_t *' {aka 'const unsigned char *'} but argument is of type 'char *'
  745 | HAL_StatusTypeDef HAL_UART_Transmit(UART_HandleTypeDef *huart, const uint8_t *pData, uint16_t Size, uint32_t Timeout);
      |                                                                ~~~~~~~~~~~~~~~^~~~~
arm-none-eabi-gcc -o "Lab04-03.elf" @"objects.list"   -mcpu=cortex-m4 -T"/home/patrick/Workspaces/Study/EmbeddedSystemLab/Lab04-03/STM32F411RETX_FLASH.ld" --specs=nosys.specs -Wl,-Map="Lab04-03.map" -Wl,--gc-sections -static --specs=nano.specs -mfpu=fpv4-sp-d16 -mfloat-abi=hard -mthumb -Wl,--start-group -lc -lm -Wl,--end-group
Finished building target: Lab04-03.elf
 
arm-none-eabi-size  Lab04-03.elf 
arm-none-eabi-objdump -h -S Lab04-03.elf  > "Lab04-03.list"
   text	   data	    bss	    dec	    hex	filename
  17088	    108	   2116	  19312	   4b70	Lab04-03.elf
Finished building: default.size.stdout
 
Finished building: Lab04-03.list
 

15:38:34 Build Finished. 0 errors, 6 warnings. (took 444ms)

