15:10:52 **** Incremental Build of configuration Debug for project Lab04-02 ****
make -j16 all 
arm-none-eabi-gcc "../Core/Src/main.c" -mcpu=cortex-m4 -std=gnu11 -g3 -DDEBUG -DUSE_HAL_DRIVER -DSTM32F411xE -c -I../Core/Inc -I../Drivers/STM32F4xx_HAL_Driver/Inc -I../Drivers/STM32F4xx_HAL_Driver/Inc/Legacy -I../Drivers/CMSIS/Device/ST/STM32F4xx/Include -I../Drivers/CMSIS/Include -O0 -ffunction-sections -fdata-sections -Wall -fstack-usage -fcyclomatic-complexity -MMD -MP -MF"Core/Src/main.d" -MT"Core/Src/main.o" --specs=nano.specs -mfpu=fpv4-sp-d16 -mfloat-abi=hard -mthumb -o "Core/Src/main.o"
../Core/Src/main.c: In function 'main':
../Core/Src/main.c:110:4: warning: implicit declaration of function 'sprintf' [-Wimplicit-function-declaration]
  110 |    sprintf (buf, "%d\r\n" , adcval);
      |    ^~~~~~~
../Core/Src/main.c:21:1: note: include '<stdio.h>' or provide a declaration of 'sprintf'
   20 | #include "main.h"
  +++ |+#include <stdio.h>
   21 | 
../Core/Src/main.c:110:4: warning: incompatible implicit declaration of built-in function 'sprintf' [-Wbuiltin-declaration-mismatch]
  110 |    sprintf (buf, "%d\r\n" , adcval);
      |    ^~~~~~~
../Core/Src/main.c:110:4: note: include '<stdio.h>' or provide a declaration of 'sprintf'
../Core/Src/main.c:112:36: warning: implicit declaration of function 'strlen' [-Wimplicit-function-declaration]
  112 |    HAL_UART_Transmit(&huart2, buf, strlen(buf), 1000);
      |                                    ^~~~~~
../Core/Src/main.c:21:1: note: include '<string.h>' or provide a declaration of 'strlen'
   20 | #include "main.h"
  +++ |+#include <string.h>
   21 | 
../Core/Src/main.c:112:36: warning: incompatible implicit declaration of built-in function 'strlen' [-Wbuiltin-declaration-mismatch]
  112 |    HAL_UART_Transmit(&huart2, buf, strlen(buf), 1000);
      |                                    ^~~~~~
../Core/Src/main.c:112:36: note: include '<string.h>' or provide a declaration of 'strlen'
../Core/Src/main.c:112:31: warning: pointer targets in passing argument 2 of 'HAL_UART_Transmit' differ in signedness [-Wpointer-sign]
  112 |    HAL_UART_Transmit(&huart2, buf, strlen(buf), 1000);
      |                               ^~~
      |                               |
      |                               char *
In file included from ../Core/Inc/stm32f4xx_hal_conf.h:411,
                 from ../Drivers/STM32F4xx_HAL_Driver/Inc/stm32f4xx_hal.h:29,
                 from ../Core/Inc/main.h:30,
                 from ../Core/Src/main.c:20:
../Drivers/STM32F4xx_HAL_Driver/Inc/stm32f4xx_hal_uart.h:745:79: note: expected 'const uint8_t *' {aka 'const unsigned char *'} but argument is of type 'char *'
  745 | HAL_StatusTypeDef HAL_UART_Transmit(UART_HandleTypeDef *huart, const uint8_t *pData, uint16_t Size, uint32_t Timeout);
      |                                                                ~~~~~~~~~~~~~~~^~~~~
arm-none-eabi-gcc -o "Lab04-02.elf" @"objects.list"   -mcpu=cortex-m4 -T"/home/patrick/Workspaces/Study/EmbeddedSystemLab/Lab04-02/STM32F411RETX_FLASH.ld" --specs=nosys.specs -Wl,-Map="Lab04-02.map" -Wl,--gc-sections -static --specs=nano.specs -mfpu=fpv4-sp-d16 -mfloat-abi=hard -mthumb -Wl,--start-group -lc -lm -Wl,--end-group
Finished building target: Lab04-02.elf
 
arm-none-eabi-size  Lab04-02.elf 
arm-none-eabi-objdump -h -S Lab04-02.elf  > "Lab04-02.list"
   text	   data	    bss	    dec	    hex	filename
  13244	    100	   2044	  15388	   3c1c	Lab04-02.elf
Finished building: default.size.stdout
 
Finished building: Lab04-02.list
 

15:10:52 Build Finished. 0 errors, 5 warnings. (took 480ms)

