15:09:24 **** Incremental Build of configuration Debug for project Lab06-03 ****
make -j16 all 
arm-none-eabi-gcc "../Core/Src/main.c" -mcpu=cortex-m4 -std=gnu11 -g3 -DDEBUG -DUSE_HAL_DRIVER -DSTM32F411xE -c -I../Core/Inc -I../Drivers/STM32F4xx_HAL_Driver/Inc -I../Drivers/STM32F4xx_HAL_Driver/Inc/Legacy -I../Middlewares/Third_Party/FreeRTOS/Source/include -I../Middlewares/Third_Party/FreeRTOS/Source/CMSIS_RTOS -I../Middlewares/Third_Party/FreeRTOS/Source/portable/GCC/ARM_CM4F -I../Drivers/CMSIS/Device/ST/STM32F4xx/Include -I../Drivers/CMSIS/Include -O0 -ffunction-sections -fdata-sections -Wall -fstack-usage -fcyclomatic-complexity -MMD -MP -MF"Core/Src/main.d" -MT"Core/Src/main.o" --specs=nano.specs -mfpu=fpv4-sp-d16 -mfloat-abi=hard -mthumb -o "Core/Src/main.o"
../Core/Src/main.c: In function 'uart_thread':
../Core/Src/main.c:434:9: warning: implicit declaration of function 'sprintf' [-Wimplicit-function-declaration]
  434 |         sprintf(buffer, "TID: %d %d\r\n", threadID, idx);
      |         ^~~~~~~
../Core/Src/main.c:22:1: note: include '<stdio.h>' or provide a declaration of 'sprintf'
   21 | #include "cmsis_os.h"
  +++ |+#include <stdio.h>
   22 | 
../Core/Src/main.c:434:9: warning: incompatible implicit declaration of built-in function 'sprintf' [-Wbuiltin-declaration-mismatch]
  434 |         sprintf(buffer, "TID: %d %d\r\n", threadID, idx);
      |         ^~~~~~~
../Core/Src/main.c:434:9: note: include '<stdio.h>' or provide a declaration of 'sprintf'
../Core/Src/main.c:436:40: warning: implicit declaration of function 'strlen' [-Wimplicit-function-declaration]
  436 |     HAL_UART_Transmit(&huart2, buffer, strlen(buffer), 1000);
      |                                        ^~~~~~
../Core/Src/main.c:22:1: note: include '<string.h>' or provide a declaration of 'strlen'
   21 | #include "cmsis_os.h"
  +++ |+#include <string.h>
   22 | 
../Core/Src/main.c:436:40: warning: incompatible implicit declaration of built-in function 'strlen' [-Wbuiltin-declaration-mismatch]
  436 |     HAL_UART_Transmit(&huart2, buffer, strlen(buffer), 1000);
      |                                        ^~~~~~
../Core/Src/main.c:436:40: note: include '<string.h>' or provide a declaration of 'strlen'
../Core/Src/main.c:436:32: warning: pointer targets in passing argument 2 of 'HAL_UART_Transmit' differ in signedness [-Wpointer-sign]
  436 |     HAL_UART_Transmit(&huart2, buffer, strlen(buffer), 1000);
      |                                ^~~~~~
      |                                |
      |                                char *
In file included from ../Core/Inc/stm32f4xx_hal_conf.h:411,
                 from ../Drivers/STM32F4xx_HAL_Driver/Inc/stm32f4xx_hal.h:29,
                 from ../Core/Inc/main.h:30,
                 from ../Core/Src/main.c:20:
../Drivers/STM32F4xx_HAL_Driver/Inc/stm32f4xx_hal_uart.h:745:79: note: expected 'const uint8_t *' {aka 'const unsigned char *'} but argument is of type 'char *'
  745 | HAL_StatusTypeDef HAL_UART_Transmit(UART_HandleTypeDef *huart, const uint8_t *pData, uint16_t Size, uint32_t Timeout);
      |                                                                ~~~~~~~~~~~~~~~^~~~~
../Core/Src/main.c: In function 'uart2_thread':
../Core/Src/main.c:460:17: warning: incompatible implicit declaration of built-in function 'sprintf' [-Wbuiltin-declaration-mismatch]
  460 |                 sprintf(buffer, "TID: %d %d\r\n", threadID, idx);
      |                 ^~~~~~~
../Core/Src/main.c:460:17: note: include '<stdio.h>' or provide a declaration of 'sprintf'
../Core/Src/main.c:462:48: warning: incompatible implicit declaration of built-in function 'strlen' [-Wbuiltin-declaration-mismatch]
  462 |             HAL_UART_Transmit(&huart2, buffer, strlen(buffer), 1000);
      |                                                ^~~~~~
../Core/Src/main.c:462:48: note: include '<string.h>' or provide a declaration of 'strlen'
../Core/Src/main.c:462:40: warning: pointer targets in passing argument 2 of 'HAL_UART_Transmit' differ in signedness [-Wpointer-sign]
  462 |             HAL_UART_Transmit(&huart2, buffer, strlen(buffer), 1000);
      |                                        ^~~~~~
      |                                        |
      |                                        char *
In file included from ../Core/Inc/stm32f4xx_hal_conf.h:411,
                 from ../Drivers/STM32F4xx_HAL_Driver/Inc/stm32f4xx_hal.h:29,
                 from ../Core/Inc/main.h:30,
                 from ../Core/Src/main.c:20:
../Drivers/STM32F4xx_HAL_Driver/Inc/stm32f4xx_hal_uart.h:745:79: note: expected 'const uint8_t *' {aka 'const unsigned char *'} but argument is of type 'char *'
  745 | HAL_StatusTypeDef HAL_UART_Transmit(UART_HandleTypeDef *huart, const uint8_t *pData, uint16_t Size, uint32_t Timeout);
      |                                                                ~~~~~~~~~~~~~~~^~~~~
arm-none-eabi-gcc -o "Lab06-03.elf" @"objects.list"   -mcpu=cortex-m4 -T"/home/patrick/Workspaces/Study/EmbeddedSystemLab/Lab06-03/STM32F411RETX_FLASH.ld" --specs=nosys.specs -Wl,-Map="Lab06-03.map" -Wl,--gc-sections -static --specs=nano.specs -mfpu=fpv4-sp-d16 -mfloat-abi=hard -mthumb -Wl,--start-group -lc -lm -Wl,--end-group
Finished building target: Lab06-03.elf
 
arm-none-eabi-size  Lab06-03.elf 
arm-none-eabi-objdump -h -S Lab06-03.elf  > "Lab06-03.list"
   text	   data	    bss	    dec	    hex	filename
  22568	    104	  18376	  41048	   a058	Lab06-03.elf
Finished building: default.size.stdout
 
Finished building: Lab06-03.list
 

15:09:24 Build Finished. 0 errors, 8 warnings. (took 284ms)

